rules:
  - slo_matcher:
        domain: domain
    failure_conditions:
      - operator: numberIsHigherThan
        key: "statusCode"
        value: 500
    additional_metadata:
      slo_type: availability
