rules:
  - failure_condddddddditions:
      - operator: numberHigherThan
        key: "statusCode"
        value: 500
    hahahahaha:
