name: name
valueFromEnv: ENVNAME
valueFromString: stringValue
