# Test comment
test-domain,test-app,test-class,"GET:/testing-endpoint"
