# Test comment
test-domain,test-app,test-class,"/api/test/.*"
test-domain,test-app,test-class-all,"/api/.*"
